2025-07-30 11:36:18,471 [INFO] Iniciando treinamento...
2025-07-30 11:36:18,573 [INFO] Loading pretrained weights from Hugging Face hub (timm/efficientnet_b0.ra_in1k)
2025-07-30 11:36:18,768 [INFO] [timm/efficientnet_b0.ra_in1k] Safe alternative available for 'pytorch_model.bin' (as 'model.safetensors'). Loading weights using safetensors.
2025-07-30 11:36:18,830 [INFO] Missing keys (classifier.weight, classifier.bias) discovered while loading pretrained weights. This is expected if model is being adapted.
2025-07-30 11:36:18,839 [INFO] Epoch 1/10
2025-07-30 11:37:13,296 [INFO] Train Loss: 3.8336 | Val Loss: 2.7733
2025-07-30 11:37:13,296 [INFO] F1 Score: 0.2301 | Precision: 0.2009 | Recall: 0.3333
2025-07-30 11:37:13,338 [INFO] Novo melhor modelo salvo (Epoch 1) com F1 Score: 0.2301
2025-07-30 11:37:13,338 [INFO] Epoch 2/10
2025-07-30 11:38:05,661 [INFO] Train Loss: 1.4030 | Val Loss: 1.3089
2025-07-30 11:38:05,661 [INFO] F1 Score: 0.5715 | Precision: 0.5406 | Recall: 0.6500
2025-07-30 11:38:05,704 [INFO] Novo melhor modelo salvo (Epoch 2) com F1 Score: 0.5715
2025-07-30 11:38:05,705 [INFO] Epoch 3/10
2025-07-30 11:38:58,240 [INFO] Train Loss: 0.5499 | Val Loss: 0.7363
2025-07-30 11:38:58,240 [INFO] F1 Score: 0.7575 | Precision: 0.7396 | Recall: 0.8000
2025-07-30 11:38:58,280 [INFO] Novo melhor modelo salvo (Epoch 3) com F1 Score: 0.7575
2025-07-30 11:38:58,280 [INFO] Epoch 4/10
2025-07-30 11:39:50,927 [INFO] Train Loss: 0.2709 | Val Loss: 0.4766
2025-07-30 11:39:50,927 [INFO] F1 Score: 0.8200 | Precision: 0.8035 | Recall: 0.8583
2025-07-30 11:39:50,964 [INFO] Novo melhor modelo salvo (Epoch 4) com F1 Score: 0.8200
2025-07-30 11:39:50,965 [INFO] Epoch 5/10
2025-07-30 11:40:49,571 [INFO] Train Loss: 0.1876 | Val Loss: 0.5565
2025-07-30 11:40:49,572 [INFO] F1 Score: 0.7931 | Precision: 0.7736 | Recall: 0.8333
2025-07-30 11:40:49,572 [INFO] Epoch 6/10
2025-07-30 11:41:51,633 [INFO] Train Loss: 0.1416 | Val Loss: 0.5698
2025-07-30 11:41:51,633 [INFO] F1 Score: 0.7900 | Precision: 0.7764 | Recall: 0.8250
2025-07-30 11:41:51,634 [INFO] Epoch 7/10
2025-07-30 11:42:51,126 [INFO] Train Loss: 0.1174 | Val Loss: 0.6572
2025-07-30 11:42:51,127 [INFO] F1 Score: 0.8014 | Precision: 0.7861 | Recall: 0.8333
2025-07-30 11:42:51,127 [INFO] Epoch 8/10
2025-07-30 11:43:49,701 [INFO] Train Loss: 0.1165 | Val Loss: 0.5207
2025-07-30 11:43:49,701 [INFO] F1 Score: 0.8556 | Precision: 0.8431 | Recall: 0.8833
2025-07-30 11:43:49,745 [INFO] Novo melhor modelo salvo (Epoch 8) com F1 Score: 0.8556
2025-07-30 11:43:49,745 [INFO] Epoch 9/10
2025-07-30 11:44:48,068 [INFO] Train Loss: 0.0789 | Val Loss: 0.5652
2025-07-30 11:44:48,069 [INFO] F1 Score: 0.8069 | Precision: 0.7903 | Recall: 0.8417
2025-07-30 11:44:48,069 [INFO] Epoch 10/10
2025-07-30 11:45:46,469 [INFO] Train Loss: 0.0504 | Val Loss: 0.4380
2025-07-30 11:45:46,470 [INFO] F1 Score: 0.8597 | Precision: 0.8486 | Recall: 0.8833
2025-07-30 11:45:46,511 [INFO] Novo melhor modelo salvo (Epoch 10) com F1 Score: 0.8597
2025-07-30 11:45:46,550 [INFO] Último modelo salvo em saved_models/fingerprint_model.pth
2025-07-30 11:45:46,551 [INFO] Melhor modelo salvo em saved_models/fingerprint_model_best.pth na época 10 com F1 Score: 0.8597
2025-07-30 11:45:47,124 [INFO] Gráfico de perda salvo em logs/loss_plot.png
